// Jest Snapshot v1, https://goo.gl/fbAQLP

exports[`Header should render correctly 1`] = `
<div
  className="header__container"
>
  blooooggin
  <Link
    className="btn btn-success btn-lg header__button"
    onClick={[Function]}
    replace={false}
    to="/"
  >
    Logout
  </Link>
</div>
`;

exports[`Header should render correctly with token in local storage 1`] = `
<div
  className="header__container"
>
  blooooggin
  <Link
    className="btn btn-success btn-lg header__button"
    onClick={[Function]}
    replace={false}
    to="/"
  >
    Logout
  </Link>
</div>
`;
